# serializer version: 1
# name: test_tool_schemas_match_snapshot
  dict({
    'availability': dict({
      'annotations': dict({
        'destructiveHint': None,
        'idempotentHint': True,
        'openWorldHint': True,
        'readOnlyHint': True,
        'title': None,
      }),
      'inputSchema': dict({
        'properties': dict({
          'bib_id': dict({
            'title': 'Bib Id',
            'type': 'string',
          }),
        }),
        'required': list([
          'bib_id',
        ]),
        'title': 'availabilityArguments',
        'type': 'object',
      }),
      'outputSchema': dict({
        '$defs': dict({
          'AvailabilityCopy': dict({
            'description': 'One physical copy of a bib.',
            'properties': dict({
              'branch_code': dict({
                'anyOf': list([
                  dict({
                    'type': 'string',
                  }),
                  dict({
                    'type': 'null',
                  }),
                ]),
                'default': None,
                'title': 'Branch Code',
              }),
              'branch_name': dict({
                'anyOf': list([
                  dict({
                    'type': 'string',
                  }),
                  dict({
                    'type': 'null',
                  }),
                ]),
                'default': None,
                'title': 'Branch Name',
              }),
              'call_number': dict({
                'anyOf': list([
                  dict({
                    'type': 'string',
                  }),
                  dict({
                    'type': 'null',
                  }),
                ]),
                'default': None,
                'title': 'Call Number',
              }),
              'collection': dict({
                'anyOf': list([
                  dict({
                    'type': 'string',
                  }),
                  dict({
                    'type': 'null',
                  }),
                ]),
                'default': None,
                'title': 'Collection',
              }),
              'library_status': dict({
                'anyOf': list([
                  dict({
                    'type': 'string',
                  }),
                  dict({
                    'type': 'null',
                  }),
                ]),
                'default': None,
                'description': 'Human-readable status from the ILS.',
                'title': 'Library Status',
              }),
              'status': dict({
                'anyOf': list([
                  dict({
                    'type': 'string',
                  }),
                  dict({
                    'type': 'null',
                  }),
                ]),
                'default': None,
                'description': "Copy status, e.g. 'AVAILABLE', 'CHECKED_OUT', 'ON_HOLDSHELF'.",
                'title': 'Status',
              }),
            }),
            'title': 'AvailabilityCopy',
            'type': 'object',
          }),
          'DigitalFormat': dict({
            'description': 'One downloadable format for a digital bib (Kindle, OverDrive Read, ...).',
            'properties': dict({
              'has_download_link': dict({
                'anyOf': list([
                  dict({
                    'type': 'boolean',
                  }),
                  dict({
                    'type': 'null',
                  }),
                ]),
                'default': None,
                'title': 'Has Download Link',
              }),
              'must_be_read_online': dict({
                'anyOf': list([
                  dict({
                    'type': 'boolean',
                  }),
                  dict({
                    'type': 'null',
                  }),
                ]),
                'default': None,
                'title': 'Must Be Read Online',
              }),
              'name': dict({
                'title': 'Name',
                'type': 'string',
              }),
            }),
            'required': list([
              'name',
            ]),
            'title': 'DigitalFormat',
            'type': 'object',
          }),
        }),
        'description': 'Per-branch availability + status for a bib.',
        'properties': dict({
          'available_copies': dict({
            'anyOf': list([
              dict({
                'type': 'integer',
              }),
              dict({
                'type': 'null',
              }),
            ]),
            'default': None,
            'title': 'Available Copies',
          }),
          'bib_id': dict({
            'title': 'Bib Id',
            'type': 'string',
          }),
          'copies': dict({
            'items': dict({
              '$ref': '#/$defs/AvailabilityCopy',
            }),
            'title': 'Copies',
            'type': 'array',
          }),
          'digital_formats': dict({
            'items': dict({
              '$ref': '#/$defs/DigitalFormat',
            }),
            'title': 'Digital Formats',
            'type': 'array',
          }),
          'held_copies': dict({
            'anyOf': list([
              dict({
                'type': 'integer',
              }),
              dict({
                'type': 'null',
              }),
            ]),
            'default': None,
            'title': 'Held Copies',
          }),
          'status': dict({
            'anyOf': list([
              dict({
                'type': 'string',
              }),
              dict({
                'type': 'null',
              }),
            ]),
            'default': None,
            'description': 'Aggregate status.',
            'title': 'Status',
          }),
          'total_copies': dict({
            'anyOf': list([
              dict({
                'type': 'integer',
              }),
              dict({
                'type': 'null',
              }),
            ]),
            'default': None,
            'title': 'Total Copies',
          }),
        }),
        'required': list([
          'bib_id',
        ]),
        'title': 'Availability',
        'type': 'object',
      }),
      'title': 'Show per-branch availability',
    }),
    'borrow_digital': dict({
      'annotations': dict({
        'destructiveHint': False,
        'idempotentHint': False,
        'openWorldHint': True,
        'readOnlyHint': False,
        'title': None,
      }),
      'inputSchema': dict({
        'properties': dict({
          'bib_ids': dict({
            'items': dict({
              'type': 'string',
            }),
            'title': 'Bib Ids',
            'type': 'array',
          }),
          'delay_seconds': dict({
            'default': 1.0,
            'title': 'Delay Seconds',
            'type': 'number',
          }),
        }),
        'required': list([
          'bib_ids',
        ]),
        'title': 'borrow_digitalArguments',
        'type': 'object',
      }),
      'outputSchema': dict({
        '$defs': dict({
          'BorrowDigitalResult': dict({
            'properties': dict({
              'call_number': dict({
                'anyOf': list([
                  dict({
                    'type': 'string',
                  }),
                  dict({
                    'type': 'null',
                  }),
                ]),
                'default': None,
                'title': 'Call Number',
              }),
              'checkout_id': dict({
                'anyOf': list([
                  dict({
                    'type': 'string',
                  }),
                  dict({
                    'type': 'null',
                  }),
                ]),
                'default': None,
                'title': 'Checkout Id',
              }),
              'due': dict({
                'anyOf': list([
                  dict({
                    'type': 'string',
                  }),
                  dict({
                    'type': 'null',
                  }),
                ]),
                'default': None,
                'title': 'Due',
              }),
              'material_type': dict({
                'anyOf': list([
                  dict({
                    'type': 'string',
                  }),
                  dict({
                    'type': 'null',
                  }),
                ]),
                'default': None,
                'title': 'Material Type',
              }),
              'success': dict({
                'title': 'Success',
                'type': 'boolean',
              }),
              'title': dict({
                'anyOf': list([
                  dict({
                    'type': 'string',
                  }),
                  dict({
                    'type': 'null',
                  }),
                ]),
                'default': None,
                'title': 'Title',
              }),
              'volume': dict({
                'anyOf': list([
                  dict({
                    'type': 'string',
                  }),
                  dict({
                    'type': 'null',
                  }),
                ]),
                'default': None,
                'title': 'Volume',
              }),
            }),
            'required': list([
              'success',
            ]),
            'title': 'BorrowDigitalResult',
            'type': 'object',
          }),
        }),
        'description': '''
          Result of a multi-item `borrow_digital` call.
          
          No native bulk endpoint exists — the tool issues N sequential
          `POST /checkouts` calls with a small delay. Each row succeeds or
          fails independently.
        ''',
        'properties': dict({
          'borrowed': dict({
            'additionalProperties': dict({
              '$ref': '#/$defs/BorrowDigitalResult',
            }),
            'description': 'Map of bib_id → per-item borrow result.',
            'title': 'Borrowed',
            'type': 'object',
          }),
          'failures': dict({
            'additionalProperties': dict({
              'type': 'string',
            }),
            'description': 'Bib-id-keyed map of failure reasons.',
            'title': 'Failures',
            'type': 'object',
          }),
        }),
        'title': 'BulkBorrowDigitalResult',
        'type': 'object',
      }),
      'title': 'Borrow available digital items',
    }),
    'cancel_hold': dict({
      'annotations': dict({
        'destructiveHint': True,
        'idempotentHint': False,
        'openWorldHint': True,
        'readOnlyHint': False,
        'title': None,
      }),
      'inputSchema': dict({
        '$defs': dict({
          'HoldRef': dict({
            'description': 'Reference to a hold + its bib. Both are required to cancel.',
            'properties': dict({
              'bib_id': dict({
                'description': 'From `Hold.metadata_id`.',
                'title': 'Bib Id',
                'type': 'string',
              }),
              'hold_id': dict({
                'description': 'From `Hold.hold_id`.',
                'title': 'Hold Id',
                'type': 'string',
              }),
            }),
            'required': list([
              'hold_id',
              'bib_id',
            ]),
            'title': 'HoldRef',
            'type': 'object',
          }),
        }),
        'properties': dict({
          'dry_run': dict({
            'default': False,
            'title': 'Dry Run',
            'type': 'boolean',
          }),
          'holds': dict({
            'items': dict({
              '$ref': '#/$defs/HoldRef',
            }),
            'title': 'Holds',
            'type': 'array',
          }),
        }),
        'required': list([
          'holds',
        ]),
        'title': 'cancel_holdArguments',
        'type': 'object',
      }),
      'outputSchema': dict({
        'description': 'Result of `cancel_holds(...)`. Per-hold success/failure breakdown.',
        'properties': dict({
          'cancelled': dict({
            'description': 'Hold IDs successfully cancelled.',
            'items': dict({
              'type': 'string',
            }),
            'title': 'Cancelled',
            'type': 'array',
          }),
          'dry_run': dict({
            'default': False,
            'title': 'Dry Run',
            'type': 'boolean',
          }),
          'failures': dict({
            'additionalProperties': dict({
              'type': 'string',
            }),
            'description': 'Hold-id-keyed map of failure reasons.',
            'title': 'Failures',
            'type': 'object',
          }),
          'would_cancel': dict({
            'description': 'On a dry run, one human-readable summary per hold that would be cancelled (title + queue position). Empty when dry_run=False.',
            'items': dict({
              'type': 'string',
            }),
            'title': 'Would Cancel',
            'type': 'array',
          }),
        }),
        'title': 'BulkCancelHoldsResult',
        'type': 'object',
      }),
      'title': 'Cancel holds',
    }),
    'check_in_loan': dict({
      'annotations': dict({
        'destructiveHint': False,
        'idempotentHint': False,
        'openWorldHint': True,
        'readOnlyHint': False,
        'title': None,
      }),
      'inputSchema': dict({
        '$defs': dict({
          'CheckoutRef': dict({
            'description': '''
              Pair of (checkout_id, metadata_id) the gateway needs to act on a checkout.
              
              Both come from a row in `list_loans().loans`. The gateway requires the
              bib reference even when the checkout id is in the URL — same pattern
              as `HoldRef` for holds.
            ''',
            'properties': dict({
              'checkout_id': dict({
                'description': 'From `list_loans().loans[i].checkout_id`.',
                'title': 'Checkout Id',
                'type': 'string',
              }),
              'metadata_id': dict({
                'description': 'From `list_loans().loans[i].metadata_id`.',
                'title': 'Metadata Id',
                'type': 'string',
              }),
            }),
            'required': list([
              'checkout_id',
              'metadata_id',
            ]),
            'title': 'CheckoutRef',
            'type': 'object',
          }),
        }),
        'properties': dict({
          'checkouts': dict({
            'items': dict({
              '$ref': '#/$defs/CheckoutRef',
            }),
            'title': 'Checkouts',
            'type': 'array',
          }),
          'delay_seconds': dict({
            'default': 0.5,
            'title': 'Delay Seconds',
            'type': 'number',
          }),
          'dry_run': dict({
            'default': False,
            'title': 'Dry Run',
            'type': 'boolean',
          }),
        }),
        'required': list([
          'checkouts',
        ]),
        'title': 'check_in_loanArguments',
        'type': 'object',
      }),
      'outputSchema': dict({
        'description': '''
          Result of `check_in_loans(...)`. Per-checkout success/failure breakdown.
          
          There's no native bulk endpoint — the client loops sequentially with
          a small inter-call delay, same pattern as `place_holds`. Each row
          succeeds or fails independently.
        ''',
        'properties': dict({
          'checked_in': dict({
            'description': 'Checkout IDs successfully checked in.',
            'items': dict({
              'type': 'string',
            }),
            'title': 'Checked In',
            'type': 'array',
          }),
          'dry_run': dict({
            'default': False,
            'title': 'Dry Run',
            'type': 'boolean',
          }),
          'failures': dict({
            'additionalProperties': dict({
              'type': 'string',
            }),
            'description': 'Checkout-id-keyed map of failure reasons.',
            'title': 'Failures',
            'type': 'object',
          }),
          'would_check_in': dict({
            'description': 'On a dry run, one human-readable summary per checkout that would be checked in. Empty otherwise.',
            'items': dict({
              'type': 'string',
            }),
            'title': 'Would Check In',
            'type': 'array',
          }),
        }),
        'title': 'BulkCheckInLoansResult',
        'type': 'object',
      }),
      'title': 'Return (check in) digital checkouts early',
    }),
    'library_health': dict({
      'annotations': dict({
        'destructiveHint': None,
        'idempotentHint': True,
        'openWorldHint': True,
        'readOnlyHint': True,
        'title': None,
      }),
      'inputSchema': dict({
        'properties': dict({
        }),
        'title': 'library_healthArguments',
        'type': 'object',
      }),
      'outputSchema': dict({
        'description': 'Login probe + hold quotas.',
        'properties': dict({
          'account_id': dict({
            'title': 'Account Id',
            'type': 'integer',
          }),
          'default_pickup_branch': dict({
            'anyOf': list([
              dict({
                'type': 'string',
              }),
              dict({
                'type': 'null',
              }),
            ]),
            'default': None,
            'title': 'Default Pickup Branch',
          }),
          'digital_holds': dict({
            'description': "Current count vs. cap, e.g. '3/10'.",
            'title': 'Digital Holds',
            'type': 'string',
          }),
          'digital_remaining': dict({
            'anyOf': list([
              dict({
                'type': 'integer',
              }),
              dict({
                'type': 'null',
              }),
            ]),
            'default': None,
            'title': 'Digital Remaining',
          }),
          'library': dict({
            'title': 'Library',
            'type': 'string',
          }),
          'logged_in': dict({
            'title': 'Logged In',
            'type': 'boolean',
          }),
          'physical_holds': dict({
            'description': "Current count vs. cap, e.g. '2/unlimited' or '0/0'.",
            'title': 'Physical Holds',
            'type': 'string',
          }),
        }),
        'required': list([
          'library',
          'account_id',
          'logged_in',
          'physical_holds',
          'digital_holds',
        ]),
        'title': 'LibraryHealth',
        'type': 'object',
      }),
      'title': 'Check login and hold quotas',
    }),
    'list_branches': dict({
      'annotations': dict({
        'destructiveHint': None,
        'idempotentHint': True,
        'openWorldHint': True,
        'readOnlyHint': True,
        'title': None,
      }),
      'inputSchema': dict({
        'properties': dict({
        }),
        'title': 'list_branchesArguments',
        'type': 'object',
      }),
      'outputSchema': dict({
        '$defs': dict({
          'Branch': dict({
            'description': 'One branch at the configured library.',
            'properties': dict({
              'code': dict({
                'description': "Three-letter branch code, e.g. 'LCY'.",
                'title': 'Code',
                'type': 'string',
              }),
              'name': dict({
                'description': "Display name, e.g. 'Lake City Branch'.",
                'title': 'Name',
                'type': 'string',
              }),
            }),
            'required': list([
              'code',
              'name',
            ]),
            'title': 'Branch',
            'type': 'object',
          }),
        }),
        'properties': dict({
          'branches': dict({
            'items': dict({
              '$ref': '#/$defs/Branch',
            }),
            'title': 'Branches',
            'type': 'array',
          }),
          'library': dict({
            'description': "Library subdomain, e.g. 'seattle'.",
            'title': 'Library',
            'type': 'string',
          }),
        }),
        'required': list([
          'library',
        ]),
        'title': 'BranchList',
        'type': 'object',
      }),
      'title': 'List branches at your library',
    }),
    'list_holds': dict({
      'annotations': dict({
        'destructiveHint': None,
        'idempotentHint': True,
        'openWorldHint': True,
        'readOnlyHint': True,
        'title': None,
      }),
      'inputSchema': dict({
        'properties': dict({
        }),
        'title': 'list_holdsArguments',
        'type': 'object',
      }),
      'outputSchema': dict({
        '$defs': dict({
          'Hold': dict({
            'description': "One hold on the user's account.",
            'properties': dict({
              'expiry': dict({
                'anyOf': list([
                  dict({
                    'type': 'string',
                  }),
                  dict({
                    'type': 'null',
                  }),
                ]),
                'default': None,
                'title': 'Expiry',
              }),
              'hold_id': dict({
                'title': 'Hold Id',
                'type': 'string',
              }),
              'jacket': dict({
                'anyOf': list([
                  dict({
                    '$ref': '#/$defs/Jacket',
                  }),
                  dict({
                    'type': 'null',
                  }),
                ]),
                'default': None,
              }),
              'material_type': dict({
                'anyOf': list([
                  dict({
                    'type': 'string',
                  }),
                  dict({
                    'type': 'null',
                  }),
                ]),
                'default': None,
                'description': "'PHYSICAL' or 'DIGITAL'.",
                'title': 'Material Type',
              }),
              'metadata_id': dict({
                'anyOf': list([
                  dict({
                    'type': 'string',
                  }),
                  dict({
                    'type': 'null',
                  }),
                ]),
                'default': None,
                'description': 'Bib id.',
                'title': 'Metadata Id',
              }),
              'pickup_branch': dict({
                'anyOf': list([
                  dict({
                    'type': 'string',
                  }),
                  dict({
                    'type': 'null',
                  }),
                ]),
                'default': None,
                'description': 'Three-letter branch code; null for digital holds.',
                'title': 'Pickup Branch',
              }),
              'placed': dict({
                'anyOf': list([
                  dict({
                    'type': 'string',
                  }),
                  dict({
                    'type': 'null',
                  }),
                ]),
                'default': None,
                'description': 'ISO date the hold was placed.',
                'title': 'Placed',
              }),
              'position': dict({
                'anyOf': list([
                  dict({
                    'type': 'integer',
                  }),
                  dict({
                    'type': 'null',
                  }),
                ]),
                'default': None,
                'description': 'Position in the holds queue (1 = front).',
                'title': 'Position',
              }),
              'status': dict({
                'anyOf': list([
                  dict({
                    'type': 'string',
                  }),
                  dict({
                    'type': 'null',
                  }),
                ]),
                'default': None,
                'description': "'NOT_YET_AVAILABLE', 'READY_FOR_PICKUP', etc.",
                'title': 'Status',
              }),
              'title': dict({
                'anyOf': list([
                  dict({
                    'type': 'string',
                  }),
                  dict({
                    'type': 'null',
                  }),
                ]),
                'default': None,
                'title': 'Title',
              }),
            }),
            'required': list([
              'hold_id',
            ]),
            'title': 'Hold',
            'type': 'object',
          }),
          'Jacket': dict({
            'description': '''
              Cover-art URLs from BiblioCommons (typically Syndetics-hosted).
              
              Three sizes plus an optional library-uploaded override. Clients that
              support image rendering can use any of these — small for list views,
              medium for cards, large for detail pages.
            ''',
            'properties': dict({
              'large': dict({
                'anyOf': list([
                  dict({
                    'type': 'string',
                  }),
                  dict({
                    'type': 'null',
                  }),
                ]),
                'default': None,
                'title': 'Large',
              }),
              'local_url': dict({
                'anyOf': list([
                  dict({
                    'type': 'string',
                  }),
                  dict({
                    'type': 'null',
                  }),
                ]),
                'default': None,
                'description': 'Library-uploaded override, when present. Prefer over Syndetics.',
                'title': 'Local Url',
              }),
              'medium': dict({
                'anyOf': list([
                  dict({
                    'type': 'string',
                  }),
                  dict({
                    'type': 'null',
                  }),
                ]),
                'default': None,
                'title': 'Medium',
              }),
              'small': dict({
                'anyOf': list([
                  dict({
                    'type': 'string',
                  }),
                  dict({
                    'type': 'null',
                  }),
                ]),
                'default': None,
                'title': 'Small',
              }),
            }),
            'title': 'Jacket',
            'type': 'object',
          }),
        }),
        'properties': dict({
          'count': dict({
            'title': 'Count',
            'type': 'integer',
          }),
          'holds': dict({
            'items': dict({
              '$ref': '#/$defs/Hold',
            }),
            'title': 'Holds',
            'type': 'array',
          }),
        }),
        'required': list([
          'count',
        ]),
        'title': 'HoldList',
        'type': 'object',
      }),
      'title': 'List your holds',
    }),
    'list_loans': dict({
      'annotations': dict({
        'destructiveHint': None,
        'idempotentHint': True,
        'openWorldHint': True,
        'readOnlyHint': True,
        'title': None,
      }),
      'inputSchema': dict({
        'properties': dict({
        }),
        'title': 'list_loansArguments',
        'type': 'object',
      }),
      'outputSchema': dict({
        '$defs': dict({
          'Jacket': dict({
            'description': '''
              Cover-art URLs from BiblioCommons (typically Syndetics-hosted).
              
              Three sizes plus an optional library-uploaded override. Clients that
              support image rendering can use any of these — small for list views,
              medium for cards, large for detail pages.
            ''',
            'properties': dict({
              'large': dict({
                'anyOf': list([
                  dict({
                    'type': 'string',
                  }),
                  dict({
                    'type': 'null',
                  }),
                ]),
                'default': None,
                'title': 'Large',
              }),
              'local_url': dict({
                'anyOf': list([
                  dict({
                    'type': 'string',
                  }),
                  dict({
                    'type': 'null',
                  }),
                ]),
                'default': None,
                'description': 'Library-uploaded override, when present. Prefer over Syndetics.',
                'title': 'Local Url',
              }),
              'medium': dict({
                'anyOf': list([
                  dict({
                    'type': 'string',
                  }),
                  dict({
                    'type': 'null',
                  }),
                ]),
                'default': None,
                'title': 'Medium',
              }),
              'small': dict({
                'anyOf': list([
                  dict({
                    'type': 'string',
                  }),
                  dict({
                    'type': 'null',
                  }),
                ]),
                'default': None,
                'title': 'Small',
              }),
            }),
            'title': 'Jacket',
            'type': 'object',
          }),
          'Loan': dict({
            'description': "One current checkout on the user's account.",
            'properties': dict({
              'actions': dict({
                'description': "Actions the gateway says are available on this checkout, e.g. ['renew', 'updateFormat'] for renewable physical items or ['checkIn', 'updateFormat'] for digital items that can be returned early. Use this to pre-check before calling renew_loan — if 'renew' is absent, the call will fail.",
                'items': dict({
                  'type': 'string',
                }),
                'title': 'Actions',
                'type': 'array',
              }),
              'branch': dict({
                'anyOf': list([
                  dict({
                    'type': 'string',
                  }),
                  dict({
                    'type': 'null',
                  }),
                ]),
                'default': None,
                'title': 'Branch',
              }),
              'call_number': dict({
                'anyOf': list([
                  dict({
                    'type': 'string',
                  }),
                  dict({
                    'type': 'null',
                  }),
                ]),
                'default': None,
                'title': 'Call Number',
              }),
              'checkout_id': dict({
                'title': 'Checkout Id',
                'type': 'string',
              }),
              'due': dict({
                'anyOf': list([
                  dict({
                    'type': 'string',
                  }),
                  dict({
                    'type': 'null',
                  }),
                ]),
                'default': None,
                'description': 'ISO date due back.',
                'title': 'Due',
              }),
              'jacket': dict({
                'anyOf': list([
                  dict({
                    '$ref': '#/$defs/Jacket',
                  }),
                  dict({
                    'type': 'null',
                  }),
                ]),
                'default': None,
              }),
              'material_type': dict({
                'anyOf': list([
                  dict({
                    'type': 'string',
                  }),
                  dict({
                    'type': 'null',
                  }),
                ]),
                'default': None,
                'title': 'Material Type',
              }),
              'metadata_id': dict({
                'anyOf': list([
                  dict({
                    'type': 'string',
                  }),
                  dict({
                    'type': 'null',
                  }),
                ]),
                'default': None,
                'title': 'Metadata Id',
              }),
              'times_renewed': dict({
                'default': 0,
                'description': 'How many times this checkout has already been renewed.',
                'title': 'Times Renewed',
                'type': 'integer',
              }),
              'title': dict({
                'anyOf': list([
                  dict({
                    'type': 'string',
                  }),
                  dict({
                    'type': 'null',
                  }),
                ]),
                'default': None,
                'title': 'Title',
              }),
            }),
            'required': list([
              'checkout_id',
            ]),
            'title': 'Loan',
            'type': 'object',
          }),
        }),
        'properties': dict({
          'count': dict({
            'title': 'Count',
            'type': 'integer',
          }),
          'loans': dict({
            'items': dict({
              '$ref': '#/$defs/Loan',
            }),
            'title': 'Loans',
            'type': 'array',
          }),
        }),
        'required': list([
          'count',
        ]),
        'title': 'LoanList',
        'type': 'object',
      }),
      'title': 'List checkouts with due dates',
    }),
    'place_digital_hold': dict({
      'annotations': dict({
        'destructiveHint': False,
        'idempotentHint': False,
        'openWorldHint': True,
        'readOnlyHint': False,
        'title': None,
      }),
      'inputSchema': dict({
        'properties': dict({
          'bib_ids': dict({
            'items': dict({
              'type': 'string',
            }),
            'title': 'Bib Ids',
            'type': 'array',
          }),
          'delay_seconds': dict({
            'default': 1.0,
            'title': 'Delay Seconds',
            'type': 'number',
          }),
        }),
        'required': list([
          'bib_ids',
        ]),
        'title': 'place_digital_holdArguments',
        'type': 'object',
      }),
      'outputSchema': dict({
        '$defs': dict({
          'PlaceHoldResult': dict({
            'properties': dict({
              'expiry': dict({
                'anyOf': list([
                  dict({
                    'type': 'string',
                  }),
                  dict({
                    'type': 'null',
                  }),
                ]),
                'default': None,
                'title': 'Expiry',
              }),
              'hold_id': dict({
                'anyOf': list([
                  dict({
                    'type': 'string',
                  }),
                  dict({
                    'type': 'null',
                  }),
                ]),
                'default': None,
                'title': 'Hold Id',
              }),
              'material_type': dict({
                'anyOf': list([
                  dict({
                    'type': 'string',
                  }),
                  dict({
                    'type': 'null',
                  }),
                ]),
                'default': None,
                'title': 'Material Type',
              }),
              'pickup_branch': dict({
                'anyOf': list([
                  dict({
                    'type': 'string',
                  }),
                  dict({
                    'type': 'null',
                  }),
                ]),
                'default': None,
                'title': 'Pickup Branch',
              }),
              'position': dict({
                'anyOf': list([
                  dict({
                    'type': 'integer',
                  }),
                  dict({
                    'type': 'null',
                  }),
                ]),
                'default': None,
                'title': 'Position',
              }),
              'status': dict({
                'anyOf': list([
                  dict({
                    'type': 'string',
                  }),
                  dict({
                    'type': 'null',
                  }),
                ]),
                'default': None,
                'title': 'Status',
              }),
              'success': dict({
                'title': 'Success',
                'type': 'boolean',
              }),
              'title': dict({
                'anyOf': list([
                  dict({
                    'type': 'string',
                  }),
                  dict({
                    'type': 'null',
                  }),
                ]),
                'default': None,
                'title': 'Title',
              }),
            }),
            'required': list([
              'success',
            ]),
            'title': 'PlaceHoldResult',
            'type': 'object',
          }),
        }),
        'description': '''
          Result of a multi-item `place_digital_hold` call.
          
          Same shape pattern as `BulkPlaceHoldResult` but for the Libby
          waitlist (`POST /holds` with `materialType: DIGITAL`). Sequential
          calls with inter-call delay; per-bib failures don't stop the run.
        ''',
        'properties': dict({
          'failures': dict({
            'additionalProperties': dict({
              'type': 'string',
            }),
            'description': 'Bib-id-keyed map of failure reasons.',
            'title': 'Failures',
            'type': 'object',
          }),
          'placed': dict({
            'additionalProperties': dict({
              '$ref': '#/$defs/PlaceHoldResult',
            }),
            'description': 'Map of bib_id → per-item hold result.',
            'title': 'Placed',
            'type': 'object',
          }),
        }),
        'title': 'BulkPlaceDigitalHoldResult',
        'type': 'object',
      }),
      'title': 'Place holds on unavailable digital items',
    }),
    'place_hold': dict({
      'annotations': dict({
        'destructiveHint': False,
        'idempotentHint': False,
        'openWorldHint': True,
        'readOnlyHint': False,
        'title': None,
      }),
      'inputSchema': dict({
        'properties': dict({
          'bib_ids': dict({
            'items': dict({
              'type': 'string',
            }),
            'title': 'Bib Ids',
            'type': 'array',
          }),
          'delay_seconds': dict({
            'default': 1.0,
            'title': 'Delay Seconds',
            'type': 'number',
          }),
          'pickup_branch': dict({
            'anyOf': list([
              dict({
                'type': 'string',
              }),
              dict({
                'type': 'null',
              }),
            ]),
            'default': None,
            'title': 'Pickup Branch',
          }),
        }),
        'required': list([
          'bib_ids',
        ]),
        'title': 'place_holdArguments',
        'type': 'object',
      }),
      'outputSchema': dict({
        '$defs': dict({
          'PlaceHoldResult': dict({
            'properties': dict({
              'expiry': dict({
                'anyOf': list([
                  dict({
                    'type': 'string',
                  }),
                  dict({
                    'type': 'null',
                  }),
                ]),
                'default': None,
                'title': 'Expiry',
              }),
              'hold_id': dict({
                'anyOf': list([
                  dict({
                    'type': 'string',
                  }),
                  dict({
                    'type': 'null',
                  }),
                ]),
                'default': None,
                'title': 'Hold Id',
              }),
              'material_type': dict({
                'anyOf': list([
                  dict({
                    'type': 'string',
                  }),
                  dict({
                    'type': 'null',
                  }),
                ]),
                'default': None,
                'title': 'Material Type',
              }),
              'pickup_branch': dict({
                'anyOf': list([
                  dict({
                    'type': 'string',
                  }),
                  dict({
                    'type': 'null',
                  }),
                ]),
                'default': None,
                'title': 'Pickup Branch',
              }),
              'position': dict({
                'anyOf': list([
                  dict({
                    'type': 'integer',
                  }),
                  dict({
                    'type': 'null',
                  }),
                ]),
                'default': None,
                'title': 'Position',
              }),
              'status': dict({
                'anyOf': list([
                  dict({
                    'type': 'string',
                  }),
                  dict({
                    'type': 'null',
                  }),
                ]),
                'default': None,
                'title': 'Status',
              }),
              'success': dict({
                'title': 'Success',
                'type': 'boolean',
              }),
              'title': dict({
                'anyOf': list([
                  dict({
                    'type': 'string',
                  }),
                  dict({
                    'type': 'null',
                  }),
                ]),
                'default': None,
                'title': 'Title',
              }),
            }),
            'required': list([
              'success',
            ]),
            'title': 'PlaceHoldResult',
            'type': 'object',
          }),
        }),
        'description': '''
          Result of `place_holds(...)`. Per-bib success/failure breakdown.
          
          The gateway has no batch endpoint for placement, so this is N
          sequential POSTs with a small delay between each. Some may succeed
          while others fail (e.g. duplicate hold, item not holdable); the
          response is keyed by `bib_id` so the caller can act on each.
        ''',
        'properties': dict({
          'failures': dict({
            'additionalProperties': dict({
              'type': 'string',
            }),
            'description': 'Failed placements, keyed by `bib_id` → reason.',
            'title': 'Failures',
            'type': 'object',
          }),
          'placed': dict({
            'additionalProperties': dict({
              '$ref': '#/$defs/PlaceHoldResult',
            }),
            'description': 'Successful placements, keyed by `bib_id`.',
            'title': 'Placed',
            'type': 'object',
          }),
        }),
        'title': 'BulkPlaceHoldResult',
        'type': 'object',
      }),
      'title': 'Place physical holds',
    }),
    'ready_for_pickup': dict({
      'annotations': dict({
        'destructiveHint': None,
        'idempotentHint': True,
        'openWorldHint': True,
        'readOnlyHint': True,
        'title': None,
      }),
      'inputSchema': dict({
        'properties': dict({
        }),
        'title': 'ready_for_pickupArguments',
        'type': 'object',
      }),
      'outputSchema': dict({
        '$defs': dict({
          'Hold': dict({
            'description': "One hold on the user's account.",
            'properties': dict({
              'expiry': dict({
                'anyOf': list([
                  dict({
                    'type': 'string',
                  }),
                  dict({
                    'type': 'null',
                  }),
                ]),
                'default': None,
                'title': 'Expiry',
              }),
              'hold_id': dict({
                'title': 'Hold Id',
                'type': 'string',
              }),
              'jacket': dict({
                'anyOf': list([
                  dict({
                    '$ref': '#/$defs/Jacket',
                  }),
                  dict({
                    'type': 'null',
                  }),
                ]),
                'default': None,
              }),
              'material_type': dict({
                'anyOf': list([
                  dict({
                    'type': 'string',
                  }),
                  dict({
                    'type': 'null',
                  }),
                ]),
                'default': None,
                'description': "'PHYSICAL' or 'DIGITAL'.",
                'title': 'Material Type',
              }),
              'metadata_id': dict({
                'anyOf': list([
                  dict({
                    'type': 'string',
                  }),
                  dict({
                    'type': 'null',
                  }),
                ]),
                'default': None,
                'description': 'Bib id.',
                'title': 'Metadata Id',
              }),
              'pickup_branch': dict({
                'anyOf': list([
                  dict({
                    'type': 'string',
                  }),
                  dict({
                    'type': 'null',
                  }),
                ]),
                'default': None,
                'description': 'Three-letter branch code; null for digital holds.',
                'title': 'Pickup Branch',
              }),
              'placed': dict({
                'anyOf': list([
                  dict({
                    'type': 'string',
                  }),
                  dict({
                    'type': 'null',
                  }),
                ]),
                'default': None,
                'description': 'ISO date the hold was placed.',
                'title': 'Placed',
              }),
              'position': dict({
                'anyOf': list([
                  dict({
                    'type': 'integer',
                  }),
                  dict({
                    'type': 'null',
                  }),
                ]),
                'default': None,
                'description': 'Position in the holds queue (1 = front).',
                'title': 'Position',
              }),
              'status': dict({
                'anyOf': list([
                  dict({
                    'type': 'string',
                  }),
                  dict({
                    'type': 'null',
                  }),
                ]),
                'default': None,
                'description': "'NOT_YET_AVAILABLE', 'READY_FOR_PICKUP', etc.",
                'title': 'Status',
              }),
              'title': dict({
                'anyOf': list([
                  dict({
                    'type': 'string',
                  }),
                  dict({
                    'type': 'null',
                  }),
                ]),
                'default': None,
                'title': 'Title',
              }),
            }),
            'required': list([
              'hold_id',
            ]),
            'title': 'Hold',
            'type': 'object',
          }),
          'Jacket': dict({
            'description': '''
              Cover-art URLs from BiblioCommons (typically Syndetics-hosted).
              
              Three sizes plus an optional library-uploaded override. Clients that
              support image rendering can use any of these — small for list views,
              medium for cards, large for detail pages.
            ''',
            'properties': dict({
              'large': dict({
                'anyOf': list([
                  dict({
                    'type': 'string',
                  }),
                  dict({
                    'type': 'null',
                  }),
                ]),
                'default': None,
                'title': 'Large',
              }),
              'local_url': dict({
                'anyOf': list([
                  dict({
                    'type': 'string',
                  }),
                  dict({
                    'type': 'null',
                  }),
                ]),
                'default': None,
                'description': 'Library-uploaded override, when present. Prefer over Syndetics.',
                'title': 'Local Url',
              }),
              'medium': dict({
                'anyOf': list([
                  dict({
                    'type': 'string',
                  }),
                  dict({
                    'type': 'null',
                  }),
                ]),
                'default': None,
                'title': 'Medium',
              }),
              'small': dict({
                'anyOf': list([
                  dict({
                    'type': 'string',
                  }),
                  dict({
                    'type': 'null',
                  }),
                ]),
                'default': None,
                'title': 'Small',
              }),
            }),
            'title': 'Jacket',
            'type': 'object',
          }),
        }),
        'properties': dict({
          'count': dict({
            'title': 'Count',
            'type': 'integer',
          }),
          'holds': dict({
            'items': dict({
              '$ref': '#/$defs/Hold',
            }),
            'title': 'Holds',
            'type': 'array',
          }),
        }),
        'required': list([
          'count',
        ]),
        'title': 'HoldList',
        'type': 'object',
      }),
      'title': 'Show holds ready for pickup',
    }),
    'renew_loan': dict({
      'annotations': dict({
        'destructiveHint': False,
        'idempotentHint': False,
        'openWorldHint': True,
        'readOnlyHint': False,
        'title': None,
      }),
      'inputSchema': dict({
        'properties': dict({
          'checkout_ids': dict({
            'items': dict({
              'type': 'string',
            }),
            'title': 'Checkout Ids',
            'type': 'array',
          }),
          'dry_run': dict({
            'default': False,
            'title': 'Dry Run',
            'type': 'boolean',
          }),
        }),
        'required': list([
          'checkout_ids',
        ]),
        'title': 'renew_loanArguments',
        'type': 'object',
      }),
      'outputSchema': dict({
        'description': 'Result of `renew_loans(...)`. Per-checkout success/failure breakdown.',
        'properties': dict({
          'dry_run': dict({
            'default': False,
            'title': 'Dry Run',
            'type': 'boolean',
          }),
          'failures': dict({
            'additionalProperties': dict({
              'type': 'string',
            }),
            'description': 'Checkout-id-keyed map of failure reasons.',
            'title': 'Failures',
            'type': 'object',
          }),
          'renewed': dict({
            'additionalProperties': dict({
              'type': 'string',
            }),
            'description': 'Map of checkout_id → new ISO due date for items that renewed successfully.',
            'title': 'Renewed',
            'type': 'object',
          }),
          'would_renew': dict({
            'description': 'On a dry run, one human-readable summary per checkout that would be renewed (title + current due date). Empty otherwise.',
            'items': dict({
              'type': 'string',
            }),
            'title': 'Would Renew',
            'type': 'array',
          }),
        }),
        'title': 'BulkRenewLoansResult',
        'type': 'object',
      }),
      'title': 'Renew checkouts',
    }),
    'search': dict({
      'annotations': dict({
        'destructiveHint': None,
        'idempotentHint': True,
        'openWorldHint': True,
        'readOnlyHint': True,
        'title': None,
      }),
      'inputSchema': dict({
        'properties': dict({
          'format': dict({
            'anyOf': list([
              dict({
                'type': 'string',
              }),
              dict({
                'type': 'null',
              }),
            ]),
            'default': None,
            'title': 'Format',
          }),
          'page': dict({
            'default': 1,
            'title': 'Page',
            'type': 'integer',
          }),
          'query': dict({
            'title': 'Query',
            'type': 'string',
          }),
          'sort_by': dict({
            'anyOf': list([
              dict({
                'type': 'string',
              }),
              dict({
                'type': 'null',
              }),
            ]),
            'default': None,
            'title': 'Sort By',
          }),
        }),
        'required': list([
          'query',
        ]),
        'title': 'searchArguments',
        'type': 'object',
      }),
      'outputSchema': dict({
        '$defs': dict({
          'BibSummary': dict({
            'description': 'Compact view of a catalog bib (book, CD, etc.).',
            'properties': dict({
              'authors': dict({
                'items': dict({
                  'type': 'string',
                }),
                'title': 'Authors',
                'type': 'array',
              }),
              'bib_id': dict({
                'description': "BiblioCommons bib id, e.g. 'S30C3857930'.",
                'title': 'Bib Id',
                'type': 'string',
              }),
              'call_number': dict({
                'anyOf': list([
                  dict({
                    'type': 'string',
                  }),
                  dict({
                    'type': 'null',
                  }),
                ]),
                'default': None,
                'title': 'Call Number',
              }),
              'format': dict({
                'anyOf': list([
                  dict({
                    'type': 'string',
                  }),
                  dict({
                    'type': 'null',
                  }),
                ]),
                'default': None,
                'description': "Format facet, e.g. 'MUSIC_CD', 'BK', 'EBOOK'.",
                'title': 'Format',
              }),
              'jacket': dict({
                'anyOf': list([
                  dict({
                    '$ref': '#/$defs/Jacket',
                  }),
                  dict({
                    'type': 'null',
                  }),
                ]),
                'default': None,
              }),
              'subtitle': dict({
                'anyOf': list([
                  dict({
                    'type': 'string',
                  }),
                  dict({
                    'type': 'null',
                  }),
                ]),
                'default': None,
                'title': 'Subtitle',
              }),
              'title': dict({
                'anyOf': list([
                  dict({
                    'type': 'string',
                  }),
                  dict({
                    'type': 'null',
                  }),
                ]),
                'default': None,
                'title': 'Title',
              }),
              'year': dict({
                'anyOf': list([
                  dict({
                    'type': 'string',
                  }),
                  dict({
                    'type': 'null',
                  }),
                ]),
                'default': None,
                'description': 'Publication date as printed.',
                'title': 'Year',
              }),
            }),
            'required': list([
              'bib_id',
            ]),
            'title': 'BibSummary',
            'type': 'object',
          }),
          'Jacket': dict({
            'description': '''
              Cover-art URLs from BiblioCommons (typically Syndetics-hosted).
              
              Three sizes plus an optional library-uploaded override. Clients that
              support image rendering can use any of these — small for list views,
              medium for cards, large for detail pages.
            ''',
            'properties': dict({
              'large': dict({
                'anyOf': list([
                  dict({
                    'type': 'string',
                  }),
                  dict({
                    'type': 'null',
                  }),
                ]),
                'default': None,
                'title': 'Large',
              }),
              'local_url': dict({
                'anyOf': list([
                  dict({
                    'type': 'string',
                  }),
                  dict({
                    'type': 'null',
                  }),
                ]),
                'default': None,
                'description': 'Library-uploaded override, when present. Prefer over Syndetics.',
                'title': 'Local Url',
              }),
              'medium': dict({
                'anyOf': list([
                  dict({
                    'type': 'string',
                  }),
                  dict({
                    'type': 'null',
                  }),
                ]),
                'default': None,
                'title': 'Medium',
              }),
              'small': dict({
                'anyOf': list([
                  dict({
                    'type': 'string',
                  }),
                  dict({
                    'type': 'null',
                  }),
                ]),
                'default': None,
                'title': 'Small',
              }),
            }),
            'title': 'Jacket',
            'type': 'object',
          }),
        }),
        'description': 'Paginated search results. Page size is fixed at 25 by the gateway.',
        'properties': dict({
          'page': dict({
            'anyOf': list([
              dict({
                'type': 'integer',
              }),
              dict({
                'type': 'null',
              }),
            ]),
            'default': None,
            'description': '1-indexed current page.',
            'title': 'Page',
          }),
          'pages': dict({
            'anyOf': list([
              dict({
                'type': 'integer',
              }),
              dict({
                'type': 'null',
              }),
            ]),
            'default': None,
            'description': 'Total page count.',
            'title': 'Pages',
          }),
          'results': dict({
            'items': dict({
              '$ref': '#/$defs/BibSummary',
            }),
            'title': 'Results',
            'type': 'array',
          }),
          'total': dict({
            'anyOf': list([
              dict({
                'type': 'integer',
              }),
              dict({
                'type': 'null',
              }),
            ]),
            'default': None,
            'description': 'Total matching bibs.',
            'title': 'Total',
          }),
        }),
        'title': 'SearchResult',
        'type': 'object',
      }),
      'title': 'Search the catalog',
    }),
  })
# ---
